Error: failed to list PipelineRuns from namespace namespace: field label not supported: a
