Error: failed to list TaskRuns from namespace foo: field label not supported: a
